// Jest Snapshot v1, https://goo.gl/fbAQLP

exports[`should render ExpenseList component with empty array 1`] = `
<div>
  <p>
    No Expenses
  </p>
</div>
`;

exports[`should render ExpenseList component with expenses 1`] = `
<div>
  <ExpenseListItem
    amount={9000}
    createdAt={0}
    description="Rent"
    id="1"
    key="1"
    note=""
  />
  <ExpenseListItem
    amount={500}
    createdAt={-345600000}
    description="Fuel"
    id="2"
    key="2"
    note=""
  />
  <ExpenseListItem
    amount={1000}
    createdAt={345600000}
    description="Food"
    id="3"
    key="3"
    note=""
  />
</div>
`;
