// Jest Snapshot v1, https://goo.gl/fbAQLP

exports[`should render NotFoundPage Component correctly 1`] = `
<div>
  <h1>
    404 Page not found
  </h1>
  <Link
    to="/"
  >
    Go Home
  </Link>
</div>
`;
